The target system is: Generic -  - arm
The host system is: Windows - 10.0.26200 - 
Checking whether the ASM compiler is GNU using "--version" matched "(GNU assembler)|(GCC)|(Free Software Foundation)":
arm-none-eabi-gcc.exe (Arm GNU Toolchain 14.2.Rel1 (Build arm-14.52)) 14.2.1 20241119
Copyright (C) 2024 Free Software Foundation, Inc.
This is free software; see the source for copying conditions.  There is NO
warranty; not even for MERCHANTABILITY or FITNESS FOR A PARTICULAR PURPOSE.

Compiling the C compiler identification source file "CMakeCCompilerId.c" succeeded.
Compiler: C:/NXP/MCUXpressoIDE_25.6.136/ide/tools/bin/arm-none-eabi-gcc.exe 
Build flags: 
Id flags: -c 

The output was:
0


Compilation of the C compiler identification source "CMakeCCompilerId.c" produced "CMakeCCompilerId.o"

The C compiler identification is GNU, found in "D:/GIT/LPC54628-Coding/Data-Structures-On-LPC/sdk/armgcc/build/CMakeFiles/3.18.2/CompilerIdC/CMakeCCompilerId.o"

Compiling the CXX compiler identification source file "CMakeCXXCompilerId.cpp" succeeded.
Compiler: C:/NXP/MCUXpressoIDE_25.6.136/ide/tools/bin/arm-none-eabi-g++.exe 
Build flags: 
Id flags: -c 

The output was:
0


Compilation of the CXX compiler identification source "CMakeCXXCompilerId.cpp" produced "CMakeCXXCompilerId.o"

The CXX compiler identification is GNU, found in "D:/GIT/LPC54628-Coding/Data-Structures-On-LPC/sdk/armgcc/build/CMakeFiles/3.18.2/CompilerIdCXX/CMakeCXXCompilerId.o"

